Test run for C:\Ravi Teja files\Projects\GeoTrack\tests\GeoTrack.IntegrationTests\bin\Debug\net10.0\GeoTrack.IntegrationTests.dll (.NETCoreApp,Version=v10.0)
VSTest version 18.0.1 (x64)

Starting test execution, please wait...
A total of 1 test files matched the specified pattern.
  Failed GeoTrack.IntegrationTests.Features.Telemetry.IngestTelemetryTests.Ingest_ShouldPersistValidTelemetry_AndIgnoreDuplicates [4 s]
  Error Message:
   System.Net.Http.HttpRequestException : Response status code does not indicate success: 500 (Internal Server Error).
  Stack Trace:
     at System.Net.Http.HttpResponseMessage.EnsureSuccessStatusCode()
   at GeoTrack.IntegrationTests.Features.Telemetry.IngestTelemetryTests.Ingest_ShouldPersistValidTelemetry_AndIgnoreDuplicates() in C:\Ravi Teja files\Projects\GeoTrack\tests\GeoTrack.IntegrationTests\Features\Telemetry\IngestTelemetryTests.cs:line 94
--- End of stack trace from previous location ---

Failed!  - Failed:     1, Passed:     1, Skipped:     0, Total:     2, Duration: 22 s - GeoTrack.IntegrationTests.dll (net10.0)
